// Jest Snapshot v1, https://goo.gl/fbAQLP

exports[`Test of PaginationCarousel Test snapshot 1`] = `null`;
