// Jest Snapshot v1, https://goo.gl/fbAQLP

exports[`Tests of SearchTextField Text snapshot 1`] = `
<View
  style={
    Array [
      Object {
        "height": 53.5,
      },
    ]
  }
>
  <View
    style={
      Array [
        Object {
          "alignItems": "center",
          "backgroundColor": "#FFFFFF40",
          "borderColor": "#757575",
          "borderRadius": 13.5,
          "borderWidth": 0.5,
          "flexDirection": "row",
          "height": 53.5,
          "justifyContent": "space-evenly",
          "paddingLeft": 22.5,
          "paddingRight": 22.5,
          "width": 450,
        },
      ]
    }
  >
    <Text
      allowFontScaling={false}
      style={
        Array [
          Object {
            "color": "#757575",
            "fontSize": 45.5,
          },
          Array [
            Object {
              "opacity": 0.6,
            },
          ],
          Object {
            "fontFamily": "Material Design Icons",
            "fontStyle": "normal",
            "fontWeight": "normal",
          },
          Object {},
        ]
      }
    >
      Û∞çâ
    </Text>
    <TextInput
      allowFontScaling={true}
      autoCapitalize="none"
      keyboardType="default"
      onChangeText={[Function]}
      placeholder="anyPlaceholder"
      placeholderTextColor="#757575"
      rejectResponderTermination={true}
      returnKeyType="search"
      selectionColor="#757575"
      style={
        Array [
          Object {
            "color": "#757575",
            "fontSize": 30.5,
            "height": 53.5,
            "marginLeft": 15,
            "paddingTop": 0,
            "width": 300,
          },
        ]
      }
      testID="input"
      underlineColorAndroid="transparent"
      value=""
    />
    <View
      accessible={true}
      focusable={true}
      onClick={[Function]}
      onLayout={[Function]}
      onResponderGrant={[Function]}
      onResponderMove={[Function]}
      onResponderRelease={[Function]}
      onResponderTerminate={[Function]}
      onResponderTerminationRequest={[Function]}
      onStartShouldSetResponder={[Function]}
      pointerEvents="box-only"
      style={
        Object {
          "alignItems": "center",
          "borderRadius": 30.25,
          "height": 60.5,
          "justifyContent": "center",
          "opacity": 0.6,
          "width": 60.5,
        }
      }
      testID="clearButton"
    >
      <View
        style={
          Array [
            Object {
              "backgroundColor": "transparent",
              "bottom": 0,
              "left": 0,
              "overflow": "hidden",
              "position": "absolute",
              "right": 0,
              "top": 0,
            },
            Object {
              "borderRadius": 0,
            },
          ]
        }
      />
    </View>
  </View>
</View>
`;
